[ProgramCounter:0]
reg[ 0]=   0, reg[ 1]=   0, reg[ 2]=   0, reg[ 3]=   0, reg[ 4]=   0, reg[ 5]=   0, reg[ 6]=   0, reg[ 7]=   0
reg[ 8]=   0, reg[ 9]=   0, reg[10]=   0, reg[11]=   0, reg[12]=   0, reg[13]=   0, reg[14]=   0, reg[15]=   0
reg[16]=   0, reg[17]=   0, reg[18]=   0, reg[19]=   0, reg[20]=   0, reg[21]=   0, reg[22]=   0, reg[23]=   0
reg[24]=   0, reg[25]=   0, reg[26]=   0, reg[27]=   0, reg[28]=   0, reg[29]=   0, reg[30]=   0, reg[31]=   0
[Operation:33333333]
[opcode: c]
[ProgramCounter:1]
reg[ 0]=   0, reg[ 1]=   0, reg[ 2]=   0, reg[ 3]=   0, reg[ 4]=   0, reg[ 5]=   0, reg[ 6]=   0, reg[ 7]=   0
reg[ 8]=   0, reg[ 9]=   0, reg[10]=   0, reg[11]=   0, reg[12]=   0, reg[13]=   0, reg[14]=   0, reg[15]=   0
reg[16]=   0, reg[17]=   0, reg[18]=   0, reg[19]=   0, reg[20]=   0, reg[21]=   0, reg[22]=   0, reg[23]=   0
reg[24]=   0, reg[25]=   0, reg[26]=   0, reg[27]=   0, reg[28]=   0, reg[29]=   0, reg[30]=   0, reg[31]=   0
[Operation:dddddddd]
[opcode:37]
[ProgramCounter:2]
reg[ 0]=   0, reg[ 1]=   0, reg[ 2]=   0, reg[ 3]=   0, reg[ 4]=   0, reg[ 5]=   0, reg[ 6]=   0, reg[ 7]=   0
reg[ 8]=   0, reg[ 9]=   0, reg[10]=   0, reg[11]=   0, reg[12]=   0, reg[13]=   0, reg[14]=   0, reg[15]=   0
reg[16]=   0, reg[17]=   0, reg[18]=   0, reg[19]=   0, reg[20]=   0, reg[21]=   0, reg[22]=   0, reg[23]=   0
reg[24]=   0, reg[25]=   0, reg[26]=   0, reg[27]=   0, reg[28]=   0, reg[29]=   0, reg[30]=   0, reg[31]=   0
[Operation:5]
[opcode: 0]
[function: 5]
[ProgramCounter:3]
reg[ 0]=   0, reg[ 1]=   0, reg[ 2]=   0, reg[ 3]=   0, reg[ 4]=   0, reg[ 5]=   0, reg[ 6]=   0, reg[ 7]=   0
reg[ 8]=   0, reg[ 9]=   0, reg[10]=   0, reg[11]=   0, reg[12]=   0, reg[13]=   0, reg[14]=   0, reg[15]=   0
reg[16]=   0, reg[17]=   0, reg[18]=   0, reg[19]=   0, reg[20]=   0, reg[21]=   0, reg[22]=   0, reg[23]=   0
reg[24]=   0, reg[25]=   0, reg[26]=   0, reg[27]=   0, reg[28]=   0, reg[29]=   0, reg[30]=   0, reg[31]=   0
[Operation:a1]
[opcode: 0]
[function:21]
[ProgramCounter:4]
reg[ 0]=   0, reg[ 1]=   0, reg[ 2]=   0, reg[ 3]=   0, reg[ 4]=   0, reg[ 5]=   0, reg[ 6]=   0, reg[ 7]=   0
reg[ 8]=   0, reg[ 9]=   0, reg[10]=   0, reg[11]=   0, reg[12]=   0, reg[13]=   0, reg[14]=   0, reg[15]=   0
reg[16]=   0, reg[17]=   0, reg[18]=   0, reg[19]=   0, reg[20]=   0, reg[21]=   0, reg[22]=   0, reg[23]=   0
reg[24]=   0, reg[25]=   0, reg[26]=   0, reg[27]=   0, reg[28]=   0, reg[29]=   0, reg[30]=   0, reg[31]=   0
[Operation:30604808]
[opcode: c]
[ProgramCounter:5]
reg[ 0]=   0, reg[ 1]=   0, reg[ 2]=   0, reg[ 3]=   0, reg[ 4]=   0, reg[ 5]=   0, reg[ 6]=   0, reg[ 7]=   0
reg[ 8]=   0, reg[ 9]=   0, reg[10]=   0, reg[11]=   0, reg[12]=   0, reg[13]=   0, reg[14]=   0, reg[15]=   0
reg[16]=   0, reg[17]=   0, reg[18]=   0, reg[19]=   0, reg[20]=   0, reg[21]=   0, reg[22]=   0, reg[23]=   0
reg[24]=   0, reg[25]=   0, reg[26]=   0, reg[27]=   0, reg[28]=   0, reg[29]=   0, reg[30]=   0, reg[31]=   0
[Operation:80000001]
[opcode:20]
[ProgramCounter:6]
reg[ 0]=   0, reg[ 1]=   0, reg[ 2]=   0, reg[ 3]=   0, reg[ 4]=   0, reg[ 5]=   0, reg[ 6]=   0, reg[ 7]=   0
reg[ 8]=   0, reg[ 9]=   0, reg[10]=   0, reg[11]=   0, reg[12]=   0, reg[13]=   0, reg[14]=   0, reg[15]=   0
reg[16]=   0, reg[17]=   0, reg[18]=   0, reg[19]=   0, reg[20]=   0, reg[21]=   0, reg[22]=   0, reg[23]=   0
reg[24]=   0, reg[25]=   0, reg[26]=   0, reg[27]=   0, reg[28]=   0, reg[29]=   0, reg[30]=   0, reg[31]=   0
[Operation:0]
[opcode: 0]
[function: 0]
[ProgramCounter:7]
reg[ 0]=   0, reg[ 1]=   0, reg[ 2]=   0, reg[ 3]=   0, reg[ 4]=   0, reg[ 5]=   0, reg[ 6]=   0, reg[ 7]=   0
reg[ 8]=   0, reg[ 9]=   0, reg[10]=   0, reg[11]=   0, reg[12]=   0, reg[13]=   0, reg[14]=   0, reg[15]=   0
reg[16]=   0, reg[17]=   0, reg[18]=   0, reg[19]=   0, reg[20]=   0, reg[21]=   0, reg[22]=   0, reg[23]=   0
reg[24]=   0, reg[25]=   0, reg[26]=   0, reg[27]=   0, reg[28]=   0, reg[29]=   0, reg[30]=   0, reg[31]=   0
[Operation:1]
[opcode: 0]
[function: 1]
[ProgramCounter:8]
reg[ 0]=   0, reg[ 1]=   0, reg[ 2]=   0, reg[ 3]=   0, reg[ 4]=   0, reg[ 5]=   0, reg[ 6]=   0, reg[ 7]=   0
reg[ 8]=   0, reg[ 9]=   0, reg[10]=   0, reg[11]=   0, reg[12]=   0, reg[13]=   0, reg[14]=   0, reg[15]=   0
reg[16]=   0, reg[17]=   0, reg[18]=   0, reg[19]=   0, reg[20]=   0, reg[21]=   0, reg[22]=   0, reg[23]=   0
reg[24]=   0, reg[25]=   0, reg[26]=   0, reg[27]=   0, reg[28]=   0, reg[29]=   0, reg[30]=   0, reg[31]=   0
[Operation:33333333]
[opcode: c]
[ProgramCounter:9]
reg[ 0]=   0, reg[ 1]=   0, reg[ 2]=   0, reg[ 3]=   0, reg[ 4]=   0, reg[ 5]=   0, reg[ 6]=   0, reg[ 7]=   0
reg[ 8]=   0, reg[ 9]=   0, reg[10]=   0, reg[11]=   0, reg[12]=   0, reg[13]=   0, reg[14]=   0, reg[15]=   0
reg[16]=   0, reg[17]=   0, reg[18]=   0, reg[19]=   0, reg[20]=   0, reg[21]=   0, reg[22]=   0, reg[23]=   0
reg[24]=   0, reg[25]=   0, reg[26]=   0, reg[27]=   0, reg[28]=   0, reg[29]=   0, reg[30]=   0, reg[31]=   0
[Operation:dddddddd]
[opcode:37]
[ProgramCounter:10]
reg[ 0]=   0, reg[ 1]=   0, reg[ 2]=   0, reg[ 3]=   0, reg[ 4]=   0, reg[ 5]=   0, reg[ 6]=   0, reg[ 7]=   0
reg[ 8]=   0, reg[ 9]=   0, reg[10]=   0, reg[11]=   0, reg[12]=   0, reg[13]=   0, reg[14]=   0, reg[15]=   0
reg[16]=   0, reg[17]=   0, reg[18]=   0, reg[19]=   0, reg[20]=   0, reg[21]=   0, reg[22]=   0, reg[23]=   0
reg[24]=   0, reg[25]=   0, reg[26]=   0, reg[27]=   0, reg[28]=   0, reg[29]=   0, reg[30]=   0, reg[31]=   0
[Operation:5]
[opcode: 0]
[function: 5]
[ProgramCounter:11]
reg[ 0]=   0, reg[ 1]=   0, reg[ 2]=   0, reg[ 3]=   0, reg[ 4]=   0, reg[ 5]=   0, reg[ 6]=   0, reg[ 7]=   0
reg[ 8]=   0, reg[ 9]=   0, reg[10]=   0, reg[11]=   0, reg[12]=   0, reg[13]=   0, reg[14]=   0, reg[15]=   0
reg[16]=   0, reg[17]=   0, reg[18]=   0, reg[19]=   0, reg[20]=   0, reg[21]=   0, reg[22]=   0, reg[23]=   0
reg[24]=   0, reg[25]=   0, reg[26]=   0, reg[27]=   0, reg[28]=   0, reg[29]=   0, reg[30]=   0, reg[31]=   0
[Operation:a1]
[opcode: 0]
[function:21]
[ProgramCounter:12]
reg[ 0]=   0, reg[ 1]=   0, reg[ 2]=   0, reg[ 3]=   0, reg[ 4]=   0, reg[ 5]=   0, reg[ 6]=   0, reg[ 7]=   0
reg[ 8]=   0, reg[ 9]=   0, reg[10]=   0, reg[11]=   0, reg[12]=   0, reg[13]=   0, reg[14]=   0, reg[15]=   0
reg[16]=   0, reg[17]=   0, reg[18]=   0, reg[19]=   0, reg[20]=   0, reg[21]=   0, reg[22]=   0, reg[23]=   0
reg[24]=   0, reg[25]=   0, reg[26]=   0, reg[27]=   0, reg[28]=   0, reg[29]=   0, reg[30]=   0, reg[31]=   0
[Operation:0]
[opcode: 0]
[function: 0]
[ProgramCounter:13]
reg[ 0]=   0, reg[ 1]=   0, reg[ 2]=   0, reg[ 3]=   0, reg[ 4]=   0, reg[ 5]=   0, reg[ 6]=   0, reg[ 7]=   0
reg[ 8]=   0, reg[ 9]=   0, reg[10]=   0, reg[11]=   0, reg[12]=   0, reg[13]=   0, reg[14]=   0, reg[15]=   0
reg[16]=   0, reg[17]=   0, reg[18]=   0, reg[19]=   0, reg[20]=   0, reg[21]=   0, reg[22]=   0, reg[23]=   0
reg[24]=   0, reg[25]=   0, reg[26]=   0, reg[27]=   0, reg[28]=   0, reg[29]=   0, reg[30]=   0, reg[31]=   0
[Operation:0]
[opcode: 0]
[function: 0]
[ProgramCounter:14]
reg[ 0]=   0, reg[ 1]=   0, reg[ 2]=   0, reg[ 3]=   0, reg[ 4]=   0, reg[ 5]=   0, reg[ 6]=   0, reg[ 7]=   0
reg[ 8]=   0, reg[ 9]=   0, reg[10]=   0, reg[11]=   0, reg[12]=   0, reg[13]=   0, reg[14]=   0, reg[15]=   0
reg[16]=   0, reg[17]=   0, reg[18]=   0, reg[19]=   0, reg[20]=   0, reg[21]=   0, reg[22]=   0, reg[23]=   0
reg[24]=   0, reg[25]=   0, reg[26]=   0, reg[27]=   0, reg[28]=   0, reg[29]=   0, reg[30]=   0, reg[31]=   0
[Operation:0]
[opcode: 0]
[function: 0]
[ProgramCounter:15]
reg[ 0]=   0, reg[ 1]=   0, reg[ 2]=   0, reg[ 3]=   0, reg[ 4]=   0, reg[ 5]=   0, reg[ 6]=   0, reg[ 7]=   0
reg[ 8]=   0, reg[ 9]=   0, reg[10]=   0, reg[11]=   0, reg[12]=   0, reg[13]=   0, reg[14]=   0, reg[15]=   0
reg[16]=   0, reg[17]=   0, reg[18]=   0, reg[19]=   0, reg[20]=   0, reg[21]=   0, reg[22]=   0, reg[23]=   0
reg[24]=   0, reg[25]=   0, reg[26]=   0, reg[27]=   0, reg[28]=   0, reg[29]=   0, reg[30]=   0, reg[31]=   0
[Operation:0]
[opcode: 0]
[function: 0]
